// Jest Snapshot v1, https://goo.gl/fbAQLP

exports[`HomePage should match snapshot 1`] = `
.c0 {
  background-color: #fafafa;
  position: fixed;
  display: -webkit-box;
  display: -webkit-flex;
  display: -ms-flexbox;
  display: flex;
  -webkit-flex-direction: column;
  -ms-flex-direction: column;
  flex-direction: column;
  -webkit-box-pack: start;
  -webkit-justify-content: flex-start;
  -ms-flex-pack: start;
  justify-content: flex-start;
  padding-top: 50px;
  border: none;
  width: 100%;
  height: 100%;
}

.c1 {
  height: 100%;
  overflow-y: auto;
  overflow-x: hidden;
}

.c2 {
  display: -webkit-box;
  display: -webkit-flex;
  display: -ms-flexbox;
  display: flex;
  -webkit-flex-direction: column;
  -ms-flex-direction: column;
  flex-direction: column;
  -webkit-box-pack: justify;
  -webkit-justify-content: space-between;
  -ms-flex-pack: justify;
  justify-content: space-between;
  -webkit-align-items: center;
  -webkit-box-align: center;
  -ms-flex-align: center;
  align-items: center;
  height: 100%;
}

.c3 {
  display: -webkit-box;
  display: -webkit-flex;
  display: -ms-flexbox;
  display: flex;
  -webkit-flex-direction: column;
  -ms-flex-direction: column;
  flex-direction: column;
  -webkit-box-pack: space-around;
  -webkit-justify-content: space-around;
  -ms-flex-pack: space-around;
  justify-content: space-around;
  -webkit-align-items: center;
  -webkit-box-align: center;
  -ms-flex-align: center;
  align-items: center;
  height: calc(100% - 80px);
  padding-bottom: 40px;
}

.c8 {
  -webkit-transition: all 200ms ease-in-out;
  transition: all 200ms ease-in-out;
  display: -webkit-box;
  display: -webkit-flex;
  display: -ms-flexbox;
  display: flex;
  -webkit-box-pack: center;
  -webkit-justify-content: center;
  -ms-flex-pack: center;
  justify-content: center;
  -webkit-align-items: center;
  -webkit-box-align: center;
  -ms-flex-align: center;
  align-items: center;
  width: 140px;
  height: 40px;
  border-radius: 10px;
  outline: none;
  cursor: pointer;
  background-color: #673ab7;
  color: white;
  box-shadow: 1px 4px 5px rgba(0,0,0,0.25);
  border: 2px solid transparent;
}

.c8:hover {
  box-shadow: 3px 6px 8px rgba(0,0,0,0.4);
}

.c8:focus {
  border: 2px solid #4527a0;
  box-shadow: 3px 6px 8px rgba(0,0,0,0.4);
}

.c4 {
  padding: 20px;
  display: -webkit-box;
  display: -webkit-flex;
  display: -ms-flexbox;
  display: flex;
  -webkit-box-pack: start;
  -webkit-justify-content: flex-start;
  -ms-flex-pack: start;
  justify-content: flex-start;
  -webkit-align-items: center;
  -webkit-box-align: center;
  -ms-flex-align: center;
  align-items: center;
}

.c5 {
  display: -webkit-box;
  display: -webkit-flex;
  display: -ms-flexbox;
  display: flex;
  -webkit-box-pack: center;
  -webkit-justify-content: center;
  -ms-flex-pack: center;
  justify-content: center;
  -webkit-align-items: center;
  -webkit-box-align: center;
  -ms-flex-align: center;
  align-items: center;
  height: 32px;
  width: 32px;
  border-radius: 50%;
  background-color: #1De9b6;
  margin-right: 20px;
}

.c5 i {
  font-size: 16px;
  color: white;
}

.c6 {
  display: -webkit-box;
  display: -webkit-flex;
  display: -ms-flexbox;
  display: flex;
  -webkit-box-pack: center;
  -webkit-justify-content: center;
  -ms-flex-pack: center;
  justify-content: center;
  -webkit-align-items: center;
  -webkit-box-align: center;
  -ms-flex-align: center;
  align-items: center;
  height: 32px;
  width: 32px;
  border-radius: 50%;
  background-color: #F50057;
  margin-right: 20px;
}

.c6 i {
  font-size: 16px;
  color: white;
}

.c7 {
  display: -webkit-box;
  display: -webkit-flex;
  display: -ms-flexbox;
  display: flex;
  -webkit-box-pack: center;
  -webkit-justify-content: center;
  -ms-flex-pack: center;
  justify-content: center;
  -webkit-align-items: center;
  -webkit-box-align: center;
  -ms-flex-align: center;
  align-items: center;
  height: 32px;
  width: 32px;
  border-radius: 50%;
  background-color: #00e676;
  margin-right: 20px;
}

.c7 i {
  font-size: 16px;
  color: white;
}

.c9 {
  font-size: 10px;
  display: -webkit-box;
  display: -webkit-flex;
  display: -ms-flexbox;
  display: flex;
  -webkit-box-pack: center;
  -webkit-justify-content: center;
  -ms-flex-pack: center;
  justify-content: center;
  padding: 14px;
  width: 100%;
  height: 80px;
  color: white;
  color: rgba(0,0,0,.54);
  border-top: 2px solid #eeeeee;
}

.c10 {
  display: -webkit-box;
  display: -webkit-flex;
  display: -ms-flexbox;
  display: flex;
  -webkit-box-pack: justify;
  -webkit-justify-content: space-between;
  -ms-flex-pack: justify;
  justify-content: space-between;
  width: 100%;
  max-width: 800px;
}

.c11 {
  display: -webkit-box;
  display: -webkit-flex;
  display: -ms-flexbox;
  display: flex;
  -webkit-flex-direction: column;
  -ms-flex-direction: column;
  flex-direction: column;
  -webkit-box-pack: space-around;
  -webkit-justify-content: space-around;
  -ms-flex-pack: space-around;
  justify-content: space-around;
  height: 100%;
}

.c11 a {
  -webkit-transition: color 400ms ease;
  transition: color 400ms ease;
}

.c11 a:hover {
  color: rgba(0,0,0,.87);
}

.c12 {
  padding: 2px;
}

<div
  className="c0"
>
  <div
    className="c1"
  >
    <section
      className="c2"
    >
      <section
        className="c3"
      >
        <section>
          <div
            className="c4"
          >
            <div
              className="c5"
              color="#1De9b6"
            >
              <i
                className="material-icons"
              >
                restaurant_menu
              </i>
            </div>
            <p>
              Create your recipes
            </p>
          </div>
          <div
            className="c4"
          >
            <div
              className="c6"
              color="#F50057"
            >
              <i
                className="material-icons"
              >
                add_shopping_cart
              </i>
            </div>
            <p>
              Select the recipes you want to shop for
            </p>
          </div>
          <div
            className="c4"
          >
            <div
              className="c7"
              color="#00e676"
            >
              <i
                className="material-icons"
              >
                shopping_cart
              </i>
            </div>
            <p>
              Use your shopping list
            </p>
          </div>
        </section>
        <a
          className="c8"
          href="/login"
          onClick={[Function]}
        >
          login
        </a>
      </section>
      <section
        className="c9"
      >
        <div
          className="c10"
        >
          <section
            className="c11"
          >
            <p
              className="c12"
            >
              <a
                href="/credits"
                onClick={[Function]}
              >
                Credits
              </a>
            </p>
            <p
              className="c12"
            >
              <a
                href="/tos"
                onClick={[Function]}
              >
                Terms of Service
              </a>
            </p>
            <p
              className="c12"
            >
              <a
                href="mailto:appkomi@gmail.com"
              >
                Support
              </a>
            </p>
            <p
              className="c12"
            >
              Â© 2017-2018 Michael Maccio
            </p>
          </section>
        </div>
      </section>
    </section>
  </div>
</div>
`;
